// Jest Snapshot v1, https://goo.gl/fbAQLP

exports[`<App /> should match snapshot 1`] = `
[
  <View
    style={
      {
        "backgroundColor": "#E8EAED",
        "flex": 1,
      }
    }
  >
    <View
      style={
        {
          "paddingHorizontal": 20,
          "paddingTop": 80,
        }
      }
    >
      <Text
        style={
          {
            "fontSize": 24,
            "fontWeight": "bold",
          }
        }
      >
        Today's Tasks
      </Text>
      <View
        style={
          {
            "marginTop": 30,
          }
        }
      />
    </View>
  </View>,
  <View
    onLayout={[Function]}
    style={
      [
        {
          "alignItems": "center",
          "bottom": 60,
          "flexDirection": "row",
          "justifyContent": "space-around",
          "position": "absolute",
          "width": "100%",
        },
        {
          "paddingBottom": 0,
        },
      ]
    }
  >
    <TextInput
      onChangeText={[Function]}
      placeholder="Write a task"
      style={
        {
          "backgroundColor": "#FFF",
          "borderColor": "#C0C0C0",
          "borderRadius": 60,
          "borderWidth": 1,
          "paddingHorizontal": 15,
          "paddingVertical": 15,
          "width": 250,
        }
      }
    />
    <View
      accessibilityState={
        {
          "busy": undefined,
          "checked": undefined,
          "disabled": undefined,
          "expanded": undefined,
          "selected": undefined,
        }
      }
      accessibilityValue={
        {
          "max": undefined,
          "min": undefined,
          "now": undefined,
          "text": undefined,
        }
      }
      accessible={true}
      collapsable={false}
      focusable={true}
      onClick={[Function]}
      onResponderGrant={[Function]}
      onResponderMove={[Function]}
      onResponderRelease={[Function]}
      onResponderTerminate={[Function]}
      onResponderTerminationRequest={[Function]}
      onStartShouldSetResponder={[Function]}
      style={
        {
          "opacity": 1,
        }
      }
      testID="pressCreateBtn"
    >
      <View
        style={
          {
            "alignItems": "center",
            "backgroundColor": "#FFF",
            "borderColor": "#C0C0C0",
            "borderRadius": 60,
            "borderWidth": 1,
            "height": 60,
            "justifyContent": "center",
            "width": 60,
          }
        }
      >
        <Text
          style={
            {
              "fontSize": 25,
            }
          }
        >
          +
        </Text>
      </View>
    </View>
  </View>,
]
`;
